Running Post Generation Agent...
Success!
{
  "posting_frequency": "3 times per week",
  "recommended_post_types": [
    "Educational",
    "Storytelling",
    "Trend-based",
    "Interactive"
  ],
  "content_strategy_summary": "The overall approach is to establish Krishna Tank as a thought leader in AI by focusing on AI agents, automated coding, and the future of work, while addressing the gap in deep thought leadership in AI agents and autonomous systems. This will be achieved by creating engaging, informative, and sometimes humorous content that showcases expertise and encourages interaction.",
  "posts": [
    {
      "type": "Educational",
      "content": "Let's talk about building efficient agentic workflows. As an AI engineer, I've worked on several projects where we had to automate tasks using Python and LangChain. One key takeaway is the importance of designing workflows that can adapt to changing conditions. By using tools like FastAPI, we can create autonomous systems that not only automate tasks but also learn from the data they process. What are some of your favorite tools for building agentic workflows?",
      "image_prompt": "A diagram showing a simple agentic workflow with a Python script and a FastAPI endpoint",
      "goal": "Bridge the gap in agentic workflows"
    },
    {
      "type": "Storytelling",
      "content": "I still remember my first project as an AI engineer. We were tasked with building an autonomous system that could automate coding tasks. It was a challenging project, but it taught me the importance of perseverance and creative problem-solving. One of the biggest lessons I learned was the need to think about the future of work and how AI will impact it. As AI engineers, we have a responsibility to ensure that our creations augment human capabilities, rather than replace them. What are some of your experiences with building autonomous systems?",
      "image_prompt": "A photo of a person working on a coding project with a robot or a machine in the background",
      "goal": "Show authority and thought leadership"
    },
    {
      "type": "Trend-based",
      "content": "Have you heard about the latest developments in AI agents? There's been a lot of buzz around the use of LangChain for building autonomous systems. As someone who's worked with LangChain, I can attest to its power and flexibility. But what does this mean for the future of work? Will AI agents replace human workers, or will they augment our capabilities? Let's discuss!",
      "image_prompt": "A screenshot of a news article about AI agents or a graph showing the growth of AI adoption",
      "goal": "Increase engagement and thought leadership"
    },
    {
      "type": "Interactive",
      "content": "What do you think is the most exciting development in AI right now? Is it the use of AI agents, automated coding, or something else entirely? Let's take a poll and see what the community thinks. A) AI agents, B) Automated coding, C) Other (please specify in the comments)",
      "image_prompt": "A graphic with the poll question and the options A, B, and C",
      "goal": "Increase engagement and encourage interaction"
    },
    {
      "type": "Funny/Relatable",
      "content": "As an AI engineer, I've had my fair share of struggles with debugging code. But have you ever tried to debug a machine learning model? It's like trying to find a needle in a haystack, except the needle is a tiny bug and the haystack is a massive pile of code. What are some of your favorite debugging stories or tips?",
      "image_prompt": "A meme or a comic strip about debugging code or a machine learning model",
      "goal": "Increase engagement and show personality"
    }
  ]
}
