python.exe : C:\Users\Krishna Tank\OneDrive - World Goods Market 
Limited\vscode backup\vs_code\Linked-in-post-2\.venv\Lib\site-packages\langchai
n_core\_api\deprecation.py:25: UserWarning: Core Pydantic V1 functionality 
isn't compatible with Python 3.14 or greater.
At line:1 char:115
+ ... \backend" ; & "c:/Users/Krishna Tank/OneDrive - World Goods Market Li ...
+                 ~~~~~~~~~~~~~~~~~~~~~~~~~~~~~~~~~~~~~~~~~~~~~~~~~~~~~~~~~
    + CategoryInfo          : NotSpecified: (C:\Users\Krishn....14 or greater. 
   :String) [], RemoteException
    + FullyQualifiedErrorId : NativeCommandError
 
  from pydantic.v1.fields import FieldInfo as FieldInfoV1
C:\Users\Krishna Tank\OneDrive - World Goods Market Limited\vscode 
backup\vs_code\Linked-in-post-2\backend\agents\influencer_agent.py:151: 
RuntimeWarning: This package (`duckduckgo_search`) has been renamed to `ddgs`! 
Use `pip install ddgs` instead.
  with DDGS() as ddgs:
Traceback (most recent call last):
  File "C:\Users\Krishna Tank\OneDrive - World Goods Market Limited\vscode 
backup\vs_code\Linked-in-post-2\backend\scheduler.py", line 99, in 
morning_post_generation_check
    print(f"[MORNING CHECK] \u2717 Post generation failed for {user.email}")
    ~~~~~^^^^^^^^^^^^^^^^^^^^^^^^^^^^^^^^^^^^^^^^^^^^^^^^^^^^^^^^^^^^^^
  File "C:\Users\Krishna 
Tank\AppData\Local\Programs\Python\Python314\Lib\encodings\cp1252.py", line 
19, in encode
    return codecs.charmap_encode(input,self.errors,encoding_table)[0]
           ~~~~~~~~~~~~~~~~~~~~~^^^^^^^^^^^^^^^^^^^^^^^^^^^^^^^^^^
UnicodeEncodeError: 'charmap' codec can't encode character '\u2717' in 
position 16: character maps to <undefined>
C:\Users\Krishna Tank\OneDrive - World Goods Market Limited\vscode 
backup\vs_code\Linked-in-post-2\backend\scheduler.py:121: DeprecationWarning: 
datetime.datetime.utcnow() is deprecated and scheduled for removal in a future 
version. Use timezone-aware objects to represent datetimes in UTC: 
datetime.datetime.now(datetime.UTC).
  print(f"[MORNING CHECK] Check completed at {datetime.utcnow().isoformat()}")
Initializing Database...
Manually triggering the daily 11 AM morning post generation check...

======================================================================
[MORNING CHECK] Starting daily post generation check at 2026-04-03T10:20:40.030498
[MORNING CHECK] Today is Friday
======================================================================

[MORNING CHECK ERROR] Failed to check user: 'charmap' codec can't encode character '\u2713' in position 16: character maps to <undefined>

[MORNING CHECK] Found 1 user(s) needing posts today

[MORNING CHECK] Generating posts for user: krishna.tank@wogom.com
Serper rejected query variant (site:linkedin.com/in/ Top data science and machine learning ...). Trying fallback variant.
[MORNING CHECK ERROR] Failed to generate posts for user krishna.tank@wogom.com: 'charmap' codec can't encode character '\u2717' in position 16: character maps to <undefined>

======================================================================
[MORNING CHECK] SUMMARY
[MORNING CHECK] Total users needing posts today: 1
[MORNING CHECK] Successfully generated: 0
[MORNING CHECK] Failed: 1
[MORNING CHECK] Check completed at 2026-04-03T10:20:59.624464
======================================================================

Job completed.
<sys>:0: ResourceWarning: unclosed <socket.socket fd=748, family=2, type=1, 
proto=6, laddr=('192.168.1.54', 63380), raddr=('104.18.38.236', 443)>
ResourceWarning: Enable tracemalloc to get the object allocation traceback
C:\Users\Krishna Tank\AppData\Local\Programs\Python\Python314\Lib\asyncio\proac
tor_events.py:116: ResourceWarning: unclosed transport 
<_ProactorSocketTransport fd=-1 read=<_OverlappedFuture cancelled>>
  _warn(f"unclosed transport {self!r}", ResourceWarning, source=self)
ResourceWarning: Enable tracemalloc to get the object allocation traceback
C:\Users\Krishna Tank\OneDrive - World Goods Market Limited\vscode 
backup\vs_code\Linked-in-post-2\.venv\Lib\site-packages\aiosqlite\core.py:102: 
ResourceWarning: <aiosqlite.core.Connection object at 0x000001EE6DE5F4D0> was 
deleted before being closed. Please use 'async with' or '.close()' to close 
the connection properly.
